Total para expandir: 393
[1/393] Expandindo ar/artigos/7-apps-pagam-pix-instantaneo.html...
[2/393] Expandindo ar/artigos/a-morte-da-poupanca-tradicional.html...
[3/393] Expandindo ar/artigos/apps-ganhar-dinheiro.html...
[4/393] Expandindo ar/artigos/desvendando-renda-extra.html...
[5/393] Expandindo ar/artigos/economia-circular-renda-extra.html...
[6/393] Expandindo ar/artigos/economia-criativa-lucro.html...
[7/393] Expandindo ar/artigos/economia-gig-tendencias-2026.html...
[8/393] Expandindo ar/artigos/economizar-casa-propria-baixa-renda-2025.html...
[9/393] Expandindo ar/artigos/embalagens-sustentaveis-ecommerce-baixo-custo.html...
[10/393] Expandindo ar/artigos/ferramentas-edicao-ia-iniciantes-2025.html...
[11/393] Expandindo ar/artigos/financas-descomplicadas-jovens.html...
[12/393] Expandindo ar/artigos/financas-pessoais-era-digital.html...
[13/393] Expandindo ar/artigos/ganhar-dinheiro-com-ia-2026.html...
[14/393] Expandindo ar/artigos/ganhar-dinheiro-com-ia.html...
[15/393] Expandindo ar/artigos/ganhar-dinheiro-pesquisas-remuneradas.html...
[16/393] Expandindo ar/artigos/guia-freelancer-sucesso.html...
[17/393] Expandindo ar/artigos/guia-sobrevivencia-financeira-automacao.html...
[18/393] Expandindo ar/artigos/ia-renda-extra-2026.html...
[19/393] Expandindo ar/artigos/investimentos-cripto-iniciantes.html...
[20/393] Expandindo ar/artigos/jogos-que-pagam-pix.html...
[21/393] Expandindo ar/artigos/liberdade-financeira-alem-do-obvio.html...
[22/393] Expandindo ar/artigos/marketing-afiliados-avancado.html...
[23/393] Expandindo ar/artigos/melhores-apps-cashback.html...
[24/393] Expandindo ar/artigos/melhores-apps-pagam-dinheiro.html...
[25/393] Expandindo ar/artigos/micro-saas-sem-codigo.html...
[26/393] Expandindo ar/artigos/microempreendedorismo-digital.html...
[27/393] Expandindo ar/artigos/microtarefas-confiaveis.html...
[28/393] Expandindo ar/artigos/mineracao-dados-mobile-etica.html...
[29/393] Expandindo ar/artigos/monetag-guia-completo-monetizacao.html...
[30/393] Expandindo ar/artigos/monetizar-hobbies-lucrativos.html...
[31/393] Expandindo ar/artigos/nomades-digitais-liberdade.html...
[32/393] Expandindo ar/artigos/profissao-gestor-trafego.html...
[33/393] Expandindo ar/artigos/renda-extra-online.html...
[34/393] Expandindo ar/artigos/seguranca-automacao-residencial-voz.html...
[35/393] Expandindo ar/artigos/social-fi-renda-extra.html...
[36/393] Expandindo ar/artigos/social-media-estrategico.html...
[37/393] Expandindo ar/artigos/testador-sites-apps-guia.html...
[38/393] Expandindo ar/artigos/trabalho-remoto-empresas-estrangeiras.html...
[39/393] Expandindo ar/artigos/venda-cursos-online-guia.html...
[40/393] Expandindo ar/artigos/venda-digital-assets-ia.html...
[41/393] Expandindo ar/artigos/venda-fotos-online-guia.html...
[42/393] Expandindo ar/artigos/yoga-cadeira-alivio-dor-ciatica.html...
[43/393] Expandindo artigos/2026-05-19-cotacao-dolar-bitcoin-hoje.html...
[44/393] Expandindo artigos/2026-05-19-proteger-patrimonio-inflacao.html...
[45/393] Expandindo artigos/arbitragem-tarefas-ia.html...
[46/393] Expandindo artigos/desvendando-renda-extra.html...
[47/393] Expandindo artigos/dropshipping-nacional-2026.html...
[48/393] Expandindo artigos/economia-gig-tendencias-2026.html...
[49/393] Expandindo artigos/escrita-criativa-monetizacao.html...
[50/393] Expandindo artigos/ferramentas-edicao-ia-iniciantes-2025.html...
[51/393] Expandindo artigos/financas-pessoais-era-digital.html...
[52/393] Expandindo artigos/guia-freelancer-sucesso.html...
[53/393] Expandindo artigos/ia-renda-extra-2026.html...
[54/393] Expandindo artigos/investimentos-cripto-iniciantes.html...
[55/393] Expandindo artigos/liberdade-financeira-alem-do-obvio.html...
[56/393] Expandindo artigos/marketing-afiliados-avancado.html...
[57/393] Expandindo artigos/melhores-apps-pagam-dinheiro.html...
[58/393] Expandindo artigos/micro-saas-sem-codigo.html...
